I'm sorry, but errors were detected in your script. Please correct the
errors listed below, and try again.


File "game/script.rpy", line 21: end of line expected.
    show dodona at right half_size 
                         ^

Ren'Py Version: Ren'Py 8.3.7.25031702
Fri Aug  1 16:08:34 2025
